D:\Documents\IdeaProjects\DbFactory\src\main\java\org\xbao\core\IDbHelper.java
D:\Documents\IdeaProjects\DbFactory\src\main\java\org\xbao\DbFactory.java
D:\Documents\IdeaProjects\DbFactory\src\main\java\org\xbao\models\DbPage.java
D:\Documents\IdeaProjects\DbFactory\src\main\java\org\xbao\models\SqlParameter.java
D:\Documents\IdeaProjects\DbFactory\src\main\java\org\xbao\models\SqlResultRow.java
D:\Documents\IdeaProjects\DbFactory\src\main\java\org\xbao\core\ConnectionPool.java
D:\Documents\IdeaProjects\DbFactory\src\main\java\org\xbao\core\DbHelper.java
D:\Documents\IdeaProjects\DbFactory\src\main\java\org\xbao\core\IConnectionPool.java
D:\Documents\IdeaProjects\DbFactory\src\main\java\org\xbao\models\SqlCommand.java
D:\Documents\IdeaProjects\DbFactory\src\main\java\org\xbao\models\ECmdType.java
D:\Documents\IdeaProjects\DbFactory\src\main\java\org\xbao\models\DbConfig.java
D:\Documents\IdeaProjects\DbFactory\src\main\java\org\xbao\core\Convert.java
D:\Documents\IdeaProjects\DbFactory\src\main\java\org\xbao\models\ESqlType.java
D:\Documents\IdeaProjects\DbFactory\src\main\java\org\xbao\models\SqlResult.java
